  uvc_vcam.cpp
C:\Users\wang\Desktop\cinema3\src\uvc_struct.h(299,8): warning C4200: 使用了非标准扩展: 结构/联合中的零大小数组
  (编译源文件“src/uvc_vcam.cpp”)
      C:\Users\wang\Desktop\cinema3\src\uvc_struct.h(299,8):
      默认构造函数或 copy/move 赋值运算符将忽略此成员
  
C:\Users\wang\Desktop\cinema3\src\uvc_struct.h(465,8): warning C4200: 使用了非标准扩展: 结构/联合中的零大小数组
  (编译源文件“src/uvc_vcam.cpp”)
      C:\Users\wang\Desktop\cinema3\src\uvc_struct.h(465,8):
      默认构造函数或 copy/move 赋值运算符将忽略此成员
  
C:\Users\wang\Desktop\cinema3\src\uvc_struct.h(500,8): warning C4200: 使用了非标准扩展: 结构/联合中的零大小数组
  (编译源文件“src/uvc_vcam.cpp”)
      C:\Users\wang\Desktop\cinema3\src\uvc_struct.h(500,8):
      默认构造函数或 copy/move 赋值运算符将忽略此成员
  
C:\Users\wang\Desktop\cinema3\src\uvc_struct.h(585,8): warning C4200: 使用了非标准扩展: 结构/联合中的零大小数组
  (编译源文件“src/uvc_vcam.cpp”)
      C:\Users\wang\Desktop\cinema3\src\uvc_struct.h(585,8):
      默认构造函数或 copy/move 赋值运算符将忽略此成员
  
C:\Users\wang\Desktop\cinema3\src\uvc_struct.h(641,8): warning C4200: 使用了非标准扩展: 结构/联合中的零大小数组
  (编译源文件“src/uvc_vcam.cpp”)
      C:\Users\wang\Desktop\cinema3\src\uvc_struct.h(641,8):
      默认构造函数或 copy/move 赋值运算符将忽略此成员
  
C:\Users\wang\Desktop\cinema3\src\virt_dev.h(93,8): warning C4200: 使用了非标准扩展: 结构/联合中的零大小数组
  (编译源文件“src/uvc_vcam.cpp”)
      C:\Users\wang\Desktop\cinema3\src\virt_dev.h(93,8):
      默认构造函数或 copy/move 赋值运算符将忽略此成员
  
C:\Users\wang\Desktop\cinema3\src\uvc_vcam.cpp(170,10): warning C4267: “初始化”: 从“size_t”转换到“int”，可能丢失数据
C:\Users\wang\Desktop\cinema3\src\uvc_vcam.cpp(177,35): warning C4267: “=”: 从“size_t”转换到“int”，可能丢失数据
C:\Users\wang\Desktop\cinema3\src\uvc_vcam.cpp(395,55): warning C4244: “=”: 从“__int64”转换到“__le16”，可能丢失数据
C:\Users\wang\Desktop\cinema3\src\uvc_vcam.cpp(689,20): warning C4018: “<”: 有符号/无符号不匹配
C:\Users\wang\Desktop\cinema3\src\uvc_vcam.cpp(770,2): warning C4996: 'sprintf': This function or variable may be unsafe. Consider using sprintf_s instead. To disable deprecation, use _CRT_SECURE_NO_WARNINGS. See online help for details.
  xusb_vcam.vcxproj -> C:\Users\wang\Desktop\cinema3\x64\Debug\xusb_vcam.exe
